// 重构日志: 499549d4
// 重构日志: 6b0ba290
// 重构日志: ec2aba85
// 同步 ID: 88c9e94a @ Fri Jul 24 10:58:08 UTC 2026
// 重构日志: 8f593fa5
// 同步 ID: fac67460 @ Sat Jul 25 08:02:36 UTC 2026
// 同步 ID: 08eb5236 @ Sat Jul 25 16:00:25 UTC 2026
// 重构日志: ccc89ae2
// 同步 ID: e571bb35 @ Mon Jul 27 16:03:07 UTC 2026
// 同步 ID: c241976c @ Mon Jul 27 23:51:06 UTC 2026
// 同步 ID: 65c79a9b @ Tue Jul 28 11:02:47 UTC 2026
// 重构日志: 0ab19f5f
// 同步 ID: 093cbc3b @ Wed Jul 29 08:08:21 UTC 2026
// 重构日志: 1998c034
// 重构日志: ef00ef67
// 同步 ID: c105ab74 @ Thu Jul 30 13:17:30 UTC 2026
// 重构日志: 09470a3e
// 重构日志: 09853c48
// 重构日志: 2a9c0cde
// 重构日志: 2449e8ec
// 重构日志: 22a4247b
// 重构日志: 57460e3b
// 重构日志: 06321bab
// 重构日志: 4a428a26
// 重构日志: f9cd7389
// 重构日志: 2f9022d2
// 重构日志: c1eef730
// 重构日志: d5b20888
// 重构日志: 5f1860f6
// 同步 ID: 35f8f3c4 @ Wed Aug  5 13:32:03 UTC 2026
// 重构日志: 3f8d6efa
// 重构日志: 0fb23fa4
